// Jest Snapshot v1, https://goo.gl/fbAQLP

exports[`index renders correctly with props 1`] = `
<div id="app">
  <header>
    <h1>Schools and properties</h1>
  </header>
  <main>
    <mapbox-stub flytocenter></mapbox-stub>
    <form class="sidebar">
      <sidebar-navigate-stub geocodefn="[Function]"></sidebar-navigate-stub>
      <sidebar-filter-stub loadlistingsfn="[Function]"></sidebar-filter-stub>
    </form>
  </main>
  <footer>
    <div class="attributions-container">
      <img alt="Powered by Domain" class="attribution" src="~/assets/images/powered-by-domain-rgb.png">
      <a href="#">
        <label for="modal-control-disclaimer">Check our disclaimer to know more.</label>
      </a>
      <a href="#">
        <label for="modal-control">Click for attributions to appropriate data sources.</label>
      </a>
      <a href="https://www.buymeacoffee.com/tarciosaraiva" target="blank">Click here to buy me a coffee!</a>
      <a href="https://www.github.com/tarciosaraiva/schools-and-properties" target="blank">Project on Github</a>
      <a href="https://forms.gle/7xZTuGrb3w7VAUdq6" target="blank">Give us feedback!</a>
      <img alt="Powered by APM" class="attribution" src="~/assets/images/poweredby_apm_logo_horizontal_small_rgb.png">
    </div>
  </footer>
  <disclaimer-modal-stub></disclaimer-modal-stub>
  <attribution-modal-stub></attribution-modal-stub>
</div>
`;
