// Jest Snapshot v1, https://goo.gl/fbAQLP

exports[`index renders correctly with props 1`] = `
<div id="app">
  <header class="pl-row">
    <h1 class="pl-col-md-6 pl-col-sm-12">Schools and properties</h1>
    <navigate-stub class="pl-col-md-6 pl-col-sm-12" searchcallback="[Function]" suggestions></navigate-stub>
  </header>
  <main>
    <mapbox-stub flyto="[object Object]" listingpois openschoolsfilterfn="[Function]" schoolsfilter="[object Object]"></mapbox-stub>
  </main>
  <footer class="pl-row">
    <div class="d-flex pl-col justify-content-between align-items-center">
      <img alt="Powered by Domain" class="attribution" src="~/assets/images/powered-by-domain-rgb.png">
      <a href="#">
        <small>About</small>
      </a>
      <a href="#">
        <small>Attributions</small>
      </a>
      <img alt="Powered by APM" class="attribution" src="~/assets/images/poweredby_apm_logo_horizontal_small_rgb.png">
    </div>
  </footer>
  <attribution-modal-stub closefn="[Function]" style="display: none;"></attribution-modal-stub>
  <school-filter-stub closefn="[Function]" style="display: none;"></school-filter-stub>
  <about-modal-stub closefn="[Function]" style="display: none;"></about-modal-stub>
</div>
`;
