// Jest Snapshot v1, https://goo.gl/fbAQLP

exports[`PropertyPopupContent renders correctly with props 1`] = `
<div class="popup-info container">
  <div class="vue-flux" style="width: 390px;">
    <!---->
    <!---->
    <!---->
  </div>
  <div class="property-stats">
    <p class="price">AUD 900K</p>
    <p class="address">
      <em>1 My Street, My Suburb</em>
    </p>
    <p class="division">
      <span>2 rooms</span>
      <span>2 bathrooms</span>
      <span>2 car spaces</span>
      <span>200 sqm</span>
    </p>
    <ul>
      <li>
        <em>f1</em>
      </li>
      <li>
        <em>f2</em>
      </li>
    </ul>
  </div>
  <div class="button-group">
    <a class="small button" href="https://www.domain.com.au/my-property-slug" target="_blank">Go to ad on domain.com.au</a>
  </div>
</div>
`;
