// Jest Snapshot v1, https://goo.gl/fbAQLP

exports[`PropertyPopupContent renders correctly with props 1`] = `
<div class="popup-info container">
  <div class="row">
    <div class="column">
      <vue-flux-stub captions images="https://my.image/1.png" options="[object Object]" style="width: 380px;" transitions="[object Object]"></vue-flux-stub>
    </div>
  </div>
  <div class="row property">
    <span class="column price">AUD 900K</span>
  </div>
  <div class="row property">
    <p class="column address">
      <em>1 My Street, My Suburb</em>
    </p>
  </div>
  <div class="row property">
    <ul class="column">
      <li>
        f1
      </li>
      <li>
        f2
      </li>
    </ul>
  </div>
  <div class="row property">
    <span class="column">2 rooms</span>
    <span class="column">2 rooms</span>
    <span class="column">2 car spaces</span>
    <span class="column">200 sqm</span>
  </div>
  <div class="row property">
    <a class="column" href="https://www.domain.com.au/my-property-slug" target="_blank">Go to ad</a>
  </div>
</div>
`;
