// Jest Snapshot v1, https://goo.gl/fbAQLP

exports[`SidebarNavigate renders correctly with props and store 1`] = `
<div class="navigate-container">
  <fieldset>
    <legend>Navigate</legend>
    <div class="input-group vertical">
      <label for="geo_go_to" style="display: none;">Go to location</label>
      <input autocomplete="false" id="geo_go_to" name="geo_go_to" placeholder="200 St Kilda Road, Melbourne" type="text">
    </div>
    <p>Locations found for ''</p>
    <div class="geo-suggestions">
      <div class="row">
        <a class="suggestion column" href="#">my suburb</a>
      </div>
      <div class="row">
        <a class="suggestion column" href="#">my other suburb</a>
      </div>
    </div>
  </fieldset>
</div>
`;
