// Jest Snapshot v1, https://goo.gl/fbAQLP

exports[`SidebarNavigate renders correctly with props and store 1`] = `
<div class="navigate-container container">
  <h2>Navigate</h2>
  <form>
    <fieldset>
      <label for="geo_go_to">Go to</label>
      <input id="geo_go_to" name="geo_go_to" placeholder="200 St Kilda Road, Melbourne" type="text">
    </fieldset>
  </form>
  <h3>Suggestions for ''</h3>
  <div class="geo-suggestions">
    <div class="row">
      <a class="suggestion column" href="#">my suburb</a>
    </div>
    <div class="row">
      <a class="suggestion column" href="#">my other suburb</a>
    </div>
  </div>
</div>
`;
